Diagnose log at 2026-06-04T13:48:58Z

AppPath: C:\Program Files\Git\mingw64\bin\git-credential-manager.exe
InstallDir: C:\Program Files\Git\mingw64\bin\
Version: 2.7.3+5fa7116896c82164996a609accd1c5ad90fe730a

------------
Diagnostic: Environment
Skipped: False
Success: True
Exception: None
Log:
OSType: Windows
OSVersion: 10.0 (build 22631)
Reading environment variables... OK
 Variables:
SystemDrive=C:
ProgramFiles(x86)=C:\Program Files (x86)
MSYSTEM=MINGW64
ProgramW6432=C:\Program Files
ChocolateyInstall=C:\ProgramData\chocolatey
PROCESSOR_IDENTIFIER=AMD64 Family 23 Model 17 Stepping 0, AuthenticAMD
VBOX_MSI_INSTALL_PATH=F:\VM\
TMP=C:\Users\soulh\AppData\Local\Temp
PROCESSOR_ARCHITECTURE=AMD64
Path=C:/Program Files/Git/mingw64/libexec/git-core;C:\Program Files\Git\mingw64\bin;C:\Program Files\Git\usr\bin;C:\Users\soulh\bin;C:\Program Files\Python312\Scripts\;C:\Program Files\Python312\;C:\Program Files\Common Files\Oracle\Java\javapath;C:\Program Files (x86)\Common Files\Oracle\Java\java8path;C:\Program Files (x86)\Common Files\Oracle\Java\javapath;C:\WINDOWS\system32;C:\WINDOWS;C:\WINDOWS\System32\Wbem;C:\WINDOWS\System32\WindowsPowerShell\v1.0\;C:\WINDOWS\System32\OpenSSH\;C:\MinGW\bin;C:\ProgramData\chocolatey\bin;C:\Python312;C:\Program Files\nodejs\;C:\Program Files\nodejs\node_modules\npm\bin;C:\Program Files\Java\jdk-22\bin;C:\sqllite;C:\MySQL;C:\MySQL\mysql-connector-c++-9.0.0-winx64\bin;C:\Users\soulh\AppData\Local\Programs\Python\Python312\Scripts;C:\Python312\Scripts;C:\Program Files\apache-maven-3.9.9\bin;C:\Program Files (x86)\cloudflared\;C:\Program Files\CMake\bin;C:\Program Files\dotnet\;C:\Program Files\Git\cmd;C:\Program Files\MySQL\MySQL Shell 8.0\bin\;C:\Users\soulh\AppData\Local\Programs\Python\Python312\Scripts\;C:\Users\soulh\AppData\Local\Programs\Python\Python312\;C:\Users\soulh\AppData\Local\Microsoft\WindowsApps;C:\Program Files\nodejs\node_modules\npm\bin;C:\Users\soulh\AppData\Roaming\npm;C:\Users\soulh\AppData\Local\Programs\Microsoft VS Code\bin;C:\Program Files\JetBrains\IntelliJ IDEA 2024.3.2\bin;C:\Users\soulh\.lmstudio\bin;C:\Program Files\apache-maven-3.9.9\bin;C:\Users\soulh\AppData\Local\Programs\mongosh\;C:\Users\soulh\AppData\Local\GitHubDesktop\bin;C:\Python312\Scripts;C:\Program Files\CMake\bin
HOMEPATH=\Users\soulh
WSLENV=WT_SESSION:WT_PROFILE_ID:
PROCESSOR_REVISION=1100
TEMP=C:\Users\soulh\AppData\Local\Temp
USERPROFILE=C:\Users\soulh
LOGONSERVER=\\CHANDRAMOULI
TERM=xterm-256color
USERNAME=soulh
SystemRoot=C:\WINDOWS
GIT_EXEC_PATH=C:/Program Files/Git/mingw64/libexec/git-core
PLINK_PROTOCOL=ssh
OneDrive=C:\Users\soulh\OneDrive
USERDOMAIN_ROAMINGPROFILE=CHANDRAMOULI
CommonProgramFiles=C:\Program Files\Common Files
ProgramData=C:\ProgramData
LC_CTYPE=C.UTF-8
IntelliJ IDEA=C:\Program Files\JetBrains\IntelliJ IDEA 2024.3.2\bin;
WT_SESSION=b20cb895-2984-4ef4-9576-4e636f70fc85
COMPUTERNAME=CHANDRAMOULI
ALLUSERSPROFILE=C:\ProgramData
CommonProgramW6432=C:\Program Files\Common Files
WT_PROFILE_ID={61c54bbd-c2c6-5271-96e7-009a87ff44bf}
SESSIONNAME=Console
DriverData=C:\Windows\System32\Drivers\DriverData
HOMEDRIVE=C:
windir=C:\WINDOWS
GIT_TRACE2_PARENT_SID=b956f9c3-2961-4e39-bcda-1aaa8b152cc4
NUMBER_OF_PROCESSORS=4
OS=Windows_NT
VBOX_HWVIRTEX_IGNORE_SVM_IN_USE=1
ProgramFiles=C:\Program Files
ComSpec=C:\WINDOWS\system32\cmd.exe
NIEXTCCOMPILERSUPP=C:\Program Files (x86)\National Instruments\Shared\ExternalCompilerSupport\C\
PATHEXT=.COM;.EXE;.BAT;.CMD;.VBS;.VBE;.JS;.JSE;.WSF;.WSH;.MSC;.PY;.PYW;.CPL
HOME=C:\Users\soulh
PSModulePath=C:\Users\soulh\OneDrive\Documents\WindowsPowerShell\Modules;C:\Program Files\WindowsPowerShell\Modules;C:\WINDOWS\system32\WindowsPowerShell\v1.0\Modules
TMPDIR=C:\Users\soulh\AppData\Local\Temp
APPDATA=C:\Users\soulh\AppData\Roaming
USERDOMAIN=CHANDRAMOULI
PROCESSOR_LEVEL=23
LOCALAPPDATA=C:\Users\soulh\AppData\Local
ChocolateyLastPathUpdate=133602679533154965
CommonProgramFiles(x86)=C:\Program Files (x86)\Common Files
COLORTERM=truecolor
PUBLIC=C:\Users\Public


------------
Diagnostic: File system
Skipped: False
Success: True
Exception: None
Log:
Temporary directory is 'C:\Users\soulh\AppData\Local\Temp\'...
Checking basic file I/O...
Writing to temporary file 'C:\Users\soulh\AppData\Local\Temp\81db44038cfd2d7c2fd98b5c'... OK
Reading from temporary file 'C:\Users\soulh\AppData\Local\Temp\81db44038cfd2d7c2fd98b5c'... OK
Deleting temporary file 'C:\Users\soulh\AppData\Local\Temp\81db44038cfd2d7c2fd98b5c'... OK
Testing IFileSystem instance...
UserHomePath: C:\Users\soulh
UserDataDirectoryPath: C:\Users\soulh\.gcm
GetCurrentDirectory(): C:\Users\soulh\Desktop\NovaTech IS\novatech-is

------------
Diagnostic: Networking
Skipped: False
Success: True
Exception: None
Log:
Checking networking and HTTP stack...
Creating HTTP client... OK
IsNetworkAvailable: True
Sending HEAD request to http://example.com...Sending HEAD request to https://example.com... OK
Acquiring free TCP port... OK
Testing local HTTP loopback connections...
Creating new HTTP listener for http://localhost:58989/... OK
Waiting for loopback connection... OK
Writing response... OK
Waiting for response data... OK
Loopback connection data OK

------------
Diagnostic: Git
Skipped: False
Success: True
Exception: None
Log:
Getting Git version... OK
Git version is '2.54.0.windows.1'
Locating current repository...Git repository at 'C:/Users/soulh/Desktop/NovaTech IS/novatech-is/.git'
 OK
Listing all Git configuration... OK
Git configuration:
file:C:/Program Files/Git/etc/gitconfig	diff.astextplain.textconv=astextplain
file:C:/Program Files/Git/etc/gitconfig	filter.lfs.clean=git-lfs clean -- %f
file:C:/Program Files/Git/etc/gitconfig	filter.lfs.smudge=git-lfs smudge -- %f
file:C:/Program Files/Git/etc/gitconfig	filter.lfs.process=git-lfs filter-process
file:C:/Program Files/Git/etc/gitconfig	filter.lfs.required=true
file:C:/Program Files/Git/etc/gitconfig	http.sslbackend=openssl
file:C:/Program Files/Git/etc/gitconfig	http.sslcainfo=C:/Program Files/Git/mingw64/etc/ssl/certs/ca-bundle.crt
file:C:/Program Files/Git/etc/gitconfig	core.autocrlf=true
file:C:/Program Files/Git/etc/gitconfig	core.fscache=true
file:C:/Program Files/Git/etc/gitconfig	core.symlinks=false
file:C:/Program Files/Git/etc/gitconfig	pull.rebase=false
file:C:/Program Files/Git/etc/gitconfig	credential.helper=manager
file:C:/Program Files/Git/etc/gitconfig	credential.https://dev.azure.com.usehttppath=true
file:C:/Program Files/Git/etc/gitconfig	init.defaultbranch=main
file:C:/Users/soulh/.gitconfig	user.name=Chandramouli Haldar
file:C:/Users/soulh/.gitconfig	user.email=148478906+Chandramouli001@users.noreply.github.com
file:C:/Users/soulh/.gitconfig	filter.lfs.clean=git-lfs clean -- %f
file:C:/Users/soulh/.gitconfig	filter.lfs.smudge=git-lfs smudge -- %f
file:C:/Users/soulh/.gitconfig	filter.lfs.process=git-lfs filter-process
file:C:/Users/soulh/.gitconfig	filter.lfs.required=true
file:C:/Users/soulh/.gitconfig	push.autosetupremote=true
file:C:/Users/soulh/.gitconfig	core.editor="C:\Users\soulh\AppData\Local\Programs\Microsoft VS Code\bin\code" --wait
file:C:/Users/soulh/.gitconfig	http.postbuffer=524288000
file:.git/config	core.repositoryformatversion=0
file:.git/config	core.filemode=false
file:.git/config	core.bare=false
file:.git/config	core.logallrefupdates=true
file:.git/config	core.symlinks=false
file:.git/config	core.ignorecase=true
file:.git/config	remote.origin.url=https://github.com/novatechinnovativesolutions-byte/NovaTech_IS.git
file:.git/config	remote.origin.fetch=+refs/heads/*:refs/remotes/origin/*


------------
Diagnostic: Credential storage
Skipped: False
Success: True
Exception: None
Log:
ICredentialStore instance is of type: CredentialStore
Writing test credential... OK
Reading test credential... OK
Deleting test credential... OK

------------
Diagnostic: Microsoft authentication (AAD/MSA)
Skipped: False
Success: True
Exception: None
Log:
Broker is not enabled.
Flow type is: Auto
Gathering MSAL token cache data... OK
CacheDirectory: C:\Users\soulh\AppData\Local\.IdentityService
CacheFileName: msal.cache
CacheFilePath: C:\Users\soulh\AppData\Local\.IdentityService\msal.cache
Creating cache helper... OK
Verifying MSAL token cache persistence... OK

